[
  {
    "version": "1",
    "backupTimeMs": "1715636551000",
    "mediaRootBackupKey": "q6urq6urq6urq6urq6urq6urq6urq6urq6urq6urq6s="
  },
  {
    "account": {
      "profileKey": "YQKRq+3DQklInaOaMcmlzZnN0m/1hzLiaONX7gB12dg=",
      "username": "boba_fett.66",
      "usernameLink": {
        "entropy": "ZWdcc9AOsBAF47t8SkfylstlVPeJgSOIFekV2CT9LpM=",
        "serverId": "YcEBogDVQheJwgUY2El68A==",
        "color": "OLIVE"
      },
      "givenName": "Boba",
      "familyName": "Fett",
      "donationSubscriberData": {
        "subscriberId": "7LtoxzQzGi6jM82nR8mMRVNlImFYK0/OWuDeqE3OZRk=",
        "currencyCode": "USD",
        "manuallyCancelled": true
      },
      "accountSettings": {
        "readReceipts": true,
        "sealedSenderIndicators": true,
        "typingIndicators": true,
        "notDiscoverableByPhoneNumber": true,
        "preferContactAvatars": true,
        "universalExpireTimerSeconds": 3600,
        "preferredReactionEmoji": [
          "üèéÔ∏è"
        ],
        "displayBadgesOnProfile": true,
        "keepMutedChatsArchived": true,
        "hasSetMyStoriesPrivacy": true,
        "hasViewedOnboardingStory": true,
        "storiesDisabled": true,
        "storyViewReceiptsEnabled": true,
        "hasSeenGroupStoryEducationSheet": true,
        "hasCompletedUsernameOnboarding": true,
        "phoneNumberSharingMode": "NOBODY"
      }
    }
  },
  {
    "recipient": {
      "id": "1",
      "self": {}
    }
  },
  {
    "recipient": {
      "id": "2",
      "releaseNotes": {}
    }
  },
  {
    "recipient": {
      "id": "3",
      "distributionList": {
        "distributionId": "AAAAAAAAAAAAAAAAAAAAAA==",
        "distributionList": {
          "name": "My Story",
          "allowReplies": true,
          "privacyMode": "ALL"
        }
      }
    }
  },
  {
    "recipient": {
      "id": "4",
      "callLink": {
        "rootKey": "LK/OA8QKkAScD3Pylf/TQA==",
        "adminKey": "tHL8wOy+nxrU20u/AwPVlzQZPrvUAb8Gi0JYepG5h7k=",
        "name": "Team Meeting",
        "restrictions": "ADMIN_APPROVAL",
        "expirationMs": "1725926400000"
      }
    }
  }
]
